// Jest Snapshot v1, https://goo.gl/fbAQLP

exports[`renders correctly 1`] = `
<div
  className="overflow-hidden"
>
  <div
    className="flex items-center justify-center h-screen overflow-y-auto bg-ice-8 opacity-90"
  >
    <div
      className="absolute top-0 rotate-45 -left-96 h-2/3 aspect-square bg-ice-3"
    />
    <div
      className="z-40 flex flex-col items-center justify-center gap-20 "
    >
      <div
        className="text-6xl font-bold text-white"
      >
        Ice Breakers!
      </div>
      <div
        className="z-40 py-16 rounded-lg shadow-lg px-28 bg-ice-2"
      >
        <div
          className="flex flex-row justify-start gap-10"
        >
          <input
            className="justify-center text-xl font-bold text-center border rounded-md text-ice-7 px-14 bg-ice-0 border-ice-6"
            onChange={[Function]}
            placeholder="Enter the room code"
          />
          <div
            className="flex"
          >
            <button
              className="absolute z-40 px-6 py-3 text-xl font-semibold text-white rounded-lg shadow-inner bg-ice-6 hover:mt-1 active:mt-2"
              onClick={[Function]}
            >
              Join Room
            </button>
            <div
              className="px-6 py-3 mt-2 text-xl font-semibold rounded-lg text-ice-7 bg-ice-7"
            >
              Join Room
            </div>
          </div>
        </div>
      </div>
      <div
        className="flex"
      >
        <button
          className="absolute z-40 px-6 py-3 text-xl font-semibold text-white rounded-lg shadow-inner bg-ice-6 hover:mt-1 active:mt-2"
          onClick={[Function]}
        >
          Create Game
        </button>
        <div
          className="px-6 py-3 mt-2 text-xl font-semibold rounded-lg text-ice-7 bg-ice-7"
        >
          Create Game
        </div>
      </div>
      <div
        className="absolute bottom-0 rotate-45 -right-96 h-2/3 aspect-square bg-ice-3"
      />
    </div>
  </div>
</div>
`;
