// Jest Snapshot v1, https://goo.gl/fbAQLP

exports[`renders correctly 1`] = `
Object {
  "asFragment": [Function],
  "baseElement": <body>
    <div>
      <div
        class="mantine-17do188"
      >
        <div
          class="mantine-18mbv9t"
        />
        <div
          class="mantine-a5dh29"
        >
          <div
            class="mantine-14p7xee"
          >
            <div
              class="mantine-Text-root mantine-1k8fja7"
              style="padding-bottom: 5px;"
            >
              Players (
              0
              )
            </div>
            <div
              class="mantine-ScrollArea-root mantine-1fnbhs0"
              dir="ltr"
              style="position: relative; --radix-scroll-area-corner-width: 0px; --radix-scroll-area-corner-height: 0px;"
            >
              <style>
                [data-radix-scroll-area-viewport]{scrollbar-width:none;-ms-overflow-style:none;-webkit-overflow-scrolling:touch;}[data-radix-scroll-area-viewport]::-webkit-scrollbar{display:none}
              </style>
              <div
                class="mantine-8dh50l mantine-ScrollArea-viewport"
                data-radix-scroll-area-viewport=""
                style="overflow-x: scroll; overflow-y: scroll;"
              >
                <div
                  style="min-width: 100%; display: table;"
                />
              </div>
            </div>
          </div>
          <div
            class="mantine-1bid5c6"
          >
             
            <div
              class="mantine-ScrollArea-root mantine-1fnbhs0"
              dir="ltr"
              id="scroll"
              style="position: relative; --radix-scroll-area-corner-width: 0px; --radix-scroll-area-corner-height: 0px;"
            >
              <style>
                [data-radix-scroll-area-viewport]{scrollbar-width:none;-ms-overflow-style:none;-webkit-overflow-scrolling:touch;}[data-radix-scroll-area-viewport]::-webkit-scrollbar{display:none}
              </style>
              <div
                class="mantine-8dh50l mantine-ScrollArea-viewport"
                data-radix-scroll-area-viewport=""
                style="overflow-x: scroll; overflow-y: scroll;"
              >
                <div
                  style="min-width: 100%; display: table;"
                />
              </div>
            </div>
            <div
              class="mantine-1svwv29"
            >
              <input
                class="mantine-1gnof2j"
              />
            </div>
          </div>
        </div>
        <div
          class="modal display-none"
        >
          <section
            class="modal-main"
          >
            <div
              class=""
            >
              <div
                class="p-10 rounded-lg shadow dark:bg-ice-8"
              >
                <div
                  class="text-center "
                >
                  <div
                    class="pl-[43%] pb-5 text-5xl font-black text-white center text-ice-6"
                  >
                    <svg
                      fill="currentColor"
                      height="1em"
                      stroke="currentColor"
                      stroke-width="0"
                      viewBox="0 0 24 24"
                      width="1em"
                      xmlns="http://www.w3.org/2000/svg"
                    >
                      <g>
                        <path
                          d="M0 0h24v24H0z"
                          fill="none"
                        />
                        <path
                          d="M12 22C6.477 22 2 17.523 2 12S6.477 2 12 2s10 4.477 10 10-4.477 10-10 10zm-1-11v6h2v-6h-2zm0-4v2h2V7h-2z"
                        />
                      </g>
                    </svg>
                  </div>
                  <h3
                    class="mb-5 text-xl font-bold text-ice-7"
                  >
                    Host has left the room! The room is closed.
                  </h3>
                  <button
                    class="px-5 py-3 mt-5 font-semibold text-white rounded-lg text-l bg-ice-6 hover:bg-ice-5"
                  >
                    Return to home
                  </button>
                </div>
              </div>
            </div>
          </section>
        </div>
      </div>
    </div>
  </body>,
  "container": <div>
    <div
      class="mantine-17do188"
    >
      <div
        class="mantine-18mbv9t"
      />
      <div
        class="mantine-a5dh29"
      >
        <div
          class="mantine-14p7xee"
        >
          <div
            class="mantine-Text-root mantine-1k8fja7"
            style="padding-bottom: 5px;"
          >
            Players (
            0
            )
          </div>
          <div
            class="mantine-ScrollArea-root mantine-1fnbhs0"
            dir="ltr"
            style="position: relative; --radix-scroll-area-corner-width: 0px; --radix-scroll-area-corner-height: 0px;"
          >
            <style>
              [data-radix-scroll-area-viewport]{scrollbar-width:none;-ms-overflow-style:none;-webkit-overflow-scrolling:touch;}[data-radix-scroll-area-viewport]::-webkit-scrollbar{display:none}
            </style>
            <div
              class="mantine-8dh50l mantine-ScrollArea-viewport"
              data-radix-scroll-area-viewport=""
              style="overflow-x: scroll; overflow-y: scroll;"
            >
              <div
                style="min-width: 100%; display: table;"
              />
            </div>
          </div>
        </div>
        <div
          class="mantine-1bid5c6"
        >
           
          <div
            class="mantine-ScrollArea-root mantine-1fnbhs0"
            dir="ltr"
            id="scroll"
            style="position: relative; --radix-scroll-area-corner-width: 0px; --radix-scroll-area-corner-height: 0px;"
          >
            <style>
              [data-radix-scroll-area-viewport]{scrollbar-width:none;-ms-overflow-style:none;-webkit-overflow-scrolling:touch;}[data-radix-scroll-area-viewport]::-webkit-scrollbar{display:none}
            </style>
            <div
              class="mantine-8dh50l mantine-ScrollArea-viewport"
              data-radix-scroll-area-viewport=""
              style="overflow-x: scroll; overflow-y: scroll;"
            >
              <div
                style="min-width: 100%; display: table;"
              />
            </div>
          </div>
          <div
            class="mantine-1svwv29"
          >
            <input
              class="mantine-1gnof2j"
            />
          </div>
        </div>
      </div>
      <div
        class="modal display-none"
      >
        <section
          class="modal-main"
        >
          <div
            class=""
          >
            <div
              class="p-10 rounded-lg shadow dark:bg-ice-8"
            >
              <div
                class="text-center "
              >
                <div
                  class="pl-[43%] pb-5 text-5xl font-black text-white center text-ice-6"
                >
                  <svg
                    fill="currentColor"
                    height="1em"
                    stroke="currentColor"
                    stroke-width="0"
                    viewBox="0 0 24 24"
                    width="1em"
                    xmlns="http://www.w3.org/2000/svg"
                  >
                    <g>
                      <path
                        d="M0 0h24v24H0z"
                        fill="none"
                      />
                      <path
                        d="M12 22C6.477 22 2 17.523 2 12S6.477 2 12 2s10 4.477 10 10-4.477 10-10 10zm-1-11v6h2v-6h-2zm0-4v2h2V7h-2z"
                      />
                    </g>
                  </svg>
                </div>
                <h3
                  class="mb-5 text-xl font-bold text-ice-7"
                >
                  Host has left the room! The room is closed.
                </h3>
                <button
                  class="px-5 py-3 mt-5 font-semibold text-white rounded-lg text-l bg-ice-6 hover:bg-ice-5"
                >
                  Return to home
                </button>
              </div>
            </div>
          </div>
        </section>
      </div>
    </div>
  </div>,
  "debug": [Function],
  "findAllByAltText": [Function],
  "findAllByDisplayValue": [Function],
  "findAllByLabelText": [Function],
  "findAllByPlaceholderText": [Function],
  "findAllByRole": [Function],
  "findAllByTestId": [Function],
  "findAllByText": [Function],
  "findAllByTitle": [Function],
  "findByAltText": [Function],
  "findByDisplayValue": [Function],
  "findByLabelText": [Function],
  "findByPlaceholderText": [Function],
  "findByRole": [Function],
  "findByTestId": [Function],
  "findByText": [Function],
  "findByTitle": [Function],
  "getAllByAltText": [Function],
  "getAllByDisplayValue": [Function],
  "getAllByLabelText": [Function],
  "getAllByPlaceholderText": [Function],
  "getAllByRole": [Function],
  "getAllByTestId": [Function],
  "getAllByText": [Function],
  "getAllByTitle": [Function],
  "getByAltText": [Function],
  "getByDisplayValue": [Function],
  "getByLabelText": [Function],
  "getByPlaceholderText": [Function],
  "getByRole": [Function],
  "getByTestId": [Function],
  "getByText": [Function],
  "getByTitle": [Function],
  "queryAllByAltText": [Function],
  "queryAllByDisplayValue": [Function],
  "queryAllByLabelText": [Function],
  "queryAllByPlaceholderText": [Function],
  "queryAllByRole": [Function],
  "queryAllByTestId": [Function],
  "queryAllByText": [Function],
  "queryAllByTitle": [Function],
  "queryByAltText": [Function],
  "queryByDisplayValue": [Function],
  "queryByLabelText": [Function],
  "queryByPlaceholderText": [Function],
  "queryByRole": [Function],
  "queryByTestId": [Function],
  "queryByText": [Function],
  "queryByTitle": [Function],
  "rerender": [Function],
  "unmount": [Function],
}
`;
